// Jest Snapshot v1, https://goo.gl/fbAQLP

exports[`userReducer() should return the initial state 1`] = `null`;
